// Jest Snapshot v1, https://goo.gl/fbAQLP

exports[`NewsList gets rendered 1`] = `
ShallowWrapper {
  Symbol(enzyme.__root__): [Circular],
  Symbol(enzyme.__unrendered__): <NewsList
    hidePostClick={[MockFunction]}
    posts={
      Array [
        Object {
          "author": "skilled",
          "created_at": "2019-01-18T06:38:46.000Z",
          "num_comments": 0,
          "objectID": "18937464",
          "points": 6,
          "title": "Animating CSS Grid",
          "url": "https://css-irl.info/animating-css-grid/",
        },
        Object {
          "author": "aharm",
          "created_at": "2019-01-18T06:34:51.000Z",
          "num_comments": null,
          "objectID": "18937455",
          "points": 1,
          "title": "Iris Automation Is Hiring a Computer Vision Expert – AI for Drones",
          "url": "http://www.irisonboard.com/careers/",
        },
        Object {
          "author": "rococode",
          "created_at": "2019-01-18T05:44:33.000Z",
          "num_comments": 2,
          "objectID": "18937278",
          "points": 8,
          "title": "GitHub dashboard UI refresh",
          "url": "https://github.blog/2019-01-16-dashboard-ui-refresh/",
        },
      ]
    }
    upvoteClick={[MockFunction]}
  />,
  Symbol(enzyme.__renderer__): Object {
    "batchedUpdates": [Function],
    "getNode": [Function],
    "render": [Function],
    "simulateError": [Function],
    "simulateEvent": [Function],
    "unmount": [Function],
  },
  Symbol(enzyme.__node__): Object {
    "instance": null,
    "key": undefined,
    "nodeType": "host",
    "props": Object {
      "children": <tbody>
        <tr>
          <td>
            <span>
              0
            </span>
            <span>
              6
            </span>
            <button
              data-objectid="18937464"
              data-upvotecount={6}
              onClick={[MockFunction]}
            >
              ^
            </button>
            <a
              href="https://css-irl.info/animating-css-grid/"
            >
              Animating CSS Grid
            </a>
            by
            <span>
              skilled
            </span>
            <span>
              3 hours ago
            </span>
            [
            <button
              data-objectid="18937464"
              onClick={[MockFunction]}
            >
              hide
            </button>
            ]
          </td>
        </tr>
        <tr>
          <td>
            <span />
            <span>
              1
            </span>
            <button
              data-objectid="18937455"
              data-upvotecount={1}
              onClick={[MockFunction]}
            >
              ^
            </button>
            <a
              href="http://www.irisonboard.com/careers/"
            >
              Iris Automation Is Hiring a Computer Vision Expert – AI for Drones
            </a>
            by
            <span>
              aharm
            </span>
            <span>
              3 hours ago
            </span>
            [
            <button
              data-objectid="18937455"
              onClick={[MockFunction]}
            >
              hide
            </button>
            ]
          </td>
        </tr>
        <tr>
          <td>
            <span>
              2
            </span>
            <span>
              8
            </span>
            <button
              data-objectid="18937278"
              data-upvotecount={8}
              onClick={[MockFunction]}
            >
              ^
            </button>
            <a
              href="https://github.blog/2019-01-16-dashboard-ui-refresh/"
            >
              GitHub dashboard UI refresh
            </a>
            by
            <span>
              rococode
            </span>
            <span>
              3 hours ago
            </span>
            [
            <button
              data-objectid="18937278"
              onClick={[MockFunction]}
            >
              hide
            </button>
            ]
          </td>
        </tr>
      </tbody>,
    },
    "ref": null,
    "rendered": Object {
      "instance": null,
      "key": undefined,
      "nodeType": "host",
      "props": Object {
        "children": Array [
          <tr>
            <td>
              <span>
                0
              </span>
              <span>
                6
              </span>
              <button
                data-objectid="18937464"
                data-upvotecount={6}
                onClick={[MockFunction]}
              >
                ^
              </button>
              <a
                href="https://css-irl.info/animating-css-grid/"
              >
                Animating CSS Grid
              </a>
              by
              <span>
                skilled
              </span>
              <span>
                3 hours ago
              </span>
              [
              <button
                data-objectid="18937464"
                onClick={[MockFunction]}
              >
                hide
              </button>
              ]
            </td>
          </tr>,
          <tr>
            <td>
              <span />
              <span>
                1
              </span>
              <button
                data-objectid="18937455"
                data-upvotecount={1}
                onClick={[MockFunction]}
              >
                ^
              </button>
              <a
                href="http://www.irisonboard.com/careers/"
              >
                Iris Automation Is Hiring a Computer Vision Expert – AI for Drones
              </a>
              by
              <span>
                aharm
              </span>
              <span>
                3 hours ago
              </span>
              [
              <button
                data-objectid="18937455"
                onClick={[MockFunction]}
              >
                hide
              </button>
              ]
            </td>
          </tr>,
          <tr>
            <td>
              <span>
                2
              </span>
              <span>
                8
              </span>
              <button
                data-objectid="18937278"
                data-upvotecount={8}
                onClick={[MockFunction]}
              >
                ^
              </button>
              <a
                href="https://github.blog/2019-01-16-dashboard-ui-refresh/"
              >
                GitHub dashboard UI refresh
              </a>
              by
              <span>
                rococode
              </span>
              <span>
                3 hours ago
              </span>
              [
              <button
                data-objectid="18937278"
                onClick={[MockFunction]}
              >
                hide
              </button>
              ]
            </td>
          </tr>,
        ],
      },
      "ref": null,
      "rendered": Array [
        Object {
          "instance": null,
          "key": "18937464",
          "nodeType": "host",
          "props": Object {
            "children": <td>
              <span>
                0
              </span>
              <span>
                6
              </span>
              <button
                data-objectid="18937464"
                data-upvotecount={6}
                onClick={[MockFunction]}
              >
                ^
              </button>
              <a
                href="https://css-irl.info/animating-css-grid/"
              >
                Animating CSS Grid
              </a>
              by
              <span>
                skilled
              </span>
              <span>
                3 hours ago
              </span>
              [
              <button
                data-objectid="18937464"
                onClick={[MockFunction]}
              >
                hide
              </button>
              ]
            </td>,
          },
          "ref": null,
          "rendered": Object {
            "instance": null,
            "key": undefined,
            "nodeType": "host",
            "props": Object {
              "children": Array [
                <span>
                  0
                </span>,
                <span>
                  6
                </span>,
                <button
                  data-objectid="18937464"
                  data-upvotecount={6}
                  onClick={[MockFunction]}
                >
                  ^
                </button>,
                <a
                  href="https://css-irl.info/animating-css-grid/"
                >
                  Animating CSS Grid
                </a>,
                "by",
                <span>
                  skilled
                </span>,
                <span>
                  3 hours ago
                </span>,
                "[",
                <button
                  data-objectid="18937464"
                  onClick={[MockFunction]}
                >
                  hide
                </button>,
                "]",
              ],
            },
            "ref": null,
            "rendered": Array [
              Object {
                "instance": null,
                "key": undefined,
                "nodeType": "host",
                "props": Object {
                  "children": 0,
                },
                "ref": null,
                "rendered": 0,
                "type": "span",
              },
              Object {
                "instance": null,
                "key": undefined,
                "nodeType": "host",
                "props": Object {
                  "children": 6,
                },
                "ref": null,
                "rendered": 6,
                "type": "span",
              },
              Object {
                "instance": null,
                "key": undefined,
                "nodeType": "host",
                "props": Object {
                  "children": "^",
                  "data-objectid": "18937464",
                  "data-upvotecount": 6,
                  "onClick": [MockFunction],
                },
                "ref": null,
                "rendered": "^",
                "type": "button",
              },
              Object {
                "instance": null,
                "key": undefined,
                "nodeType": "host",
                "props": Object {
                  "children": "Animating CSS Grid",
                  "href": "https://css-irl.info/animating-css-grid/",
                },
                "ref": null,
                "rendered": "Animating CSS Grid",
                "type": "a",
              },
              "by",
              Object {
                "instance": null,
                "key": undefined,
                "nodeType": "host",
                "props": Object {
                  "children": "skilled",
                },
                "ref": null,
                "rendered": "skilled",
                "type": "span",
              },
              Object {
                "instance": null,
                "key": undefined,
                "nodeType": "host",
                "props": Object {
                  "children": "3 hours ago",
                },
                "ref": null,
                "rendered": "3 hours ago",
                "type": "span",
              },
              "[",
              Object {
                "instance": null,
                "key": undefined,
                "nodeType": "host",
                "props": Object {
                  "children": "hide",
                  "data-objectid": "18937464",
                  "onClick": [MockFunction],
                },
                "ref": null,
                "rendered": "hide",
                "type": "button",
              },
              "]",
            ],
            "type": "td",
          },
          "type": "tr",
        },
        Object {
          "instance": null,
          "key": "18937455",
          "nodeType": "host",
          "props": Object {
            "children": <td>
              <span />
              <span>
                1
              </span>
              <button
                data-objectid="18937455"
                data-upvotecount={1}
                onClick={[MockFunction]}
              >
                ^
              </button>
              <a
                href="http://www.irisonboard.com/careers/"
              >
                Iris Automation Is Hiring a Computer Vision Expert – AI for Drones
              </a>
              by
              <span>
                aharm
              </span>
              <span>
                3 hours ago
              </span>
              [
              <button
                data-objectid="18937455"
                onClick={[MockFunction]}
              >
                hide
              </button>
              ]
            </td>,
          },
          "ref": null,
          "rendered": Object {
            "instance": null,
            "key": undefined,
            "nodeType": "host",
            "props": Object {
              "children": Array [
                <span />,
                <span>
                  1
                </span>,
                <button
                  data-objectid="18937455"
                  data-upvotecount={1}
                  onClick={[MockFunction]}
                >
                  ^
                </button>,
                <a
                  href="http://www.irisonboard.com/careers/"
                >
                  Iris Automation Is Hiring a Computer Vision Expert – AI for Drones
                </a>,
                "by",
                <span>
                  aharm
                </span>,
                <span>
                  3 hours ago
                </span>,
                "[",
                <button
                  data-objectid="18937455"
                  onClick={[MockFunction]}
                >
                  hide
                </button>,
                "]",
              ],
            },
            "ref": null,
            "rendered": Array [
              Object {
                "instance": null,
                "key": undefined,
                "nodeType": "host",
                "props": Object {
                  "children": null,
                },
                "ref": null,
                "rendered": null,
                "type": "span",
              },
              Object {
                "instance": null,
                "key": undefined,
                "nodeType": "host",
                "props": Object {
                  "children": 1,
                },
                "ref": null,
                "rendered": 1,
                "type": "span",
              },
              Object {
                "instance": null,
                "key": undefined,
                "nodeType": "host",
                "props": Object {
                  "children": "^",
                  "data-objectid": "18937455",
                  "data-upvotecount": 1,
                  "onClick": [MockFunction],
                },
                "ref": null,
                "rendered": "^",
                "type": "button",
              },
              Object {
                "instance": null,
                "key": undefined,
                "nodeType": "host",
                "props": Object {
                  "children": "Iris Automation Is Hiring a Computer Vision Expert – AI for Drones",
                  "href": "http://www.irisonboard.com/careers/",
                },
                "ref": null,
                "rendered": "Iris Automation Is Hiring a Computer Vision Expert – AI for Drones",
                "type": "a",
              },
              "by",
              Object {
                "instance": null,
                "key": undefined,
                "nodeType": "host",
                "props": Object {
                  "children": "aharm",
                },
                "ref": null,
                "rendered": "aharm",
                "type": "span",
              },
              Object {
                "instance": null,
                "key": undefined,
                "nodeType": "host",
                "props": Object {
                  "children": "3 hours ago",
                },
                "ref": null,
                "rendered": "3 hours ago",
                "type": "span",
              },
              "[",
              Object {
                "instance": null,
                "key": undefined,
                "nodeType": "host",
                "props": Object {
                  "children": "hide",
                  "data-objectid": "18937455",
                  "onClick": [MockFunction],
                },
                "ref": null,
                "rendered": "hide",
                "type": "button",
              },
              "]",
            ],
            "type": "td",
          },
          "type": "tr",
        },
        Object {
          "instance": null,
          "key": "18937278",
          "nodeType": "host",
          "props": Object {
            "children": <td>
              <span>
                2
              </span>
              <span>
                8
              </span>
              <button
                data-objectid="18937278"
                data-upvotecount={8}
                onClick={[MockFunction]}
              >
                ^
              </button>
              <a
                href="https://github.blog/2019-01-16-dashboard-ui-refresh/"
              >
                GitHub dashboard UI refresh
              </a>
              by
              <span>
                rococode
              </span>
              <span>
                3 hours ago
              </span>
              [
              <button
                data-objectid="18937278"
                onClick={[MockFunction]}
              >
                hide
              </button>
              ]
            </td>,
          },
          "ref": null,
          "rendered": Object {
            "instance": null,
            "key": undefined,
            "nodeType": "host",
            "props": Object {
              "children": Array [
                <span>
                  2
                </span>,
                <span>
                  8
                </span>,
                <button
                  data-objectid="18937278"
                  data-upvotecount={8}
                  onClick={[MockFunction]}
                >
                  ^
                </button>,
                <a
                  href="https://github.blog/2019-01-16-dashboard-ui-refresh/"
                >
                  GitHub dashboard UI refresh
                </a>,
                "by",
                <span>
                  rococode
                </span>,
                <span>
                  3 hours ago
                </span>,
                "[",
                <button
                  data-objectid="18937278"
                  onClick={[MockFunction]}
                >
                  hide
                </button>,
                "]",
              ],
            },
            "ref": null,
            "rendered": Array [
              Object {
                "instance": null,
                "key": undefined,
                "nodeType": "host",
                "props": Object {
                  "children": 2,
                },
                "ref": null,
                "rendered": 2,
                "type": "span",
              },
              Object {
                "instance": null,
                "key": undefined,
                "nodeType": "host",
                "props": Object {
                  "children": 8,
                },
                "ref": null,
                "rendered": 8,
                "type": "span",
              },
              Object {
                "instance": null,
                "key": undefined,
                "nodeType": "host",
                "props": Object {
                  "children": "^",
                  "data-objectid": "18937278",
                  "data-upvotecount": 8,
                  "onClick": [MockFunction],
                },
                "ref": null,
                "rendered": "^",
                "type": "button",
              },
              Object {
                "instance": null,
                "key": undefined,
                "nodeType": "host",
                "props": Object {
                  "children": "GitHub dashboard UI refresh",
                  "href": "https://github.blog/2019-01-16-dashboard-ui-refresh/",
                },
                "ref": null,
                "rendered": "GitHub dashboard UI refresh",
                "type": "a",
              },
              "by",
              Object {
                "instance": null,
                "key": undefined,
                "nodeType": "host",
                "props": Object {
                  "children": "rococode",
                },
                "ref": null,
                "rendered": "rococode",
                "type": "span",
              },
              Object {
                "instance": null,
                "key": undefined,
                "nodeType": "host",
                "props": Object {
                  "children": "3 hours ago",
                },
                "ref": null,
                "rendered": "3 hours ago",
                "type": "span",
              },
              "[",
              Object {
                "instance": null,
                "key": undefined,
                "nodeType": "host",
                "props": Object {
                  "children": "hide",
                  "data-objectid": "18937278",
                  "onClick": [MockFunction],
                },
                "ref": null,
                "rendered": "hide",
                "type": "button",
              },
              "]",
            ],
            "type": "td",
          },
          "type": "tr",
        },
      ],
      "type": "tbody",
    },
    "type": "table",
  },
  Symbol(enzyme.__nodes__): Array [
    Object {
      "instance": null,
      "key": undefined,
      "nodeType": "host",
      "props": Object {
        "children": <tbody>
          <tr>
            <td>
              <span>
                0
              </span>
              <span>
                6
              </span>
              <button
                data-objectid="18937464"
                data-upvotecount={6}
                onClick={[MockFunction]}
              >
                ^
              </button>
              <a
                href="https://css-irl.info/animating-css-grid/"
              >
                Animating CSS Grid
              </a>
              by
              <span>
                skilled
              </span>
              <span>
                3 hours ago
              </span>
              [
              <button
                data-objectid="18937464"
                onClick={[MockFunction]}
              >
                hide
              </button>
              ]
            </td>
          </tr>
          <tr>
            <td>
              <span />
              <span>
                1
              </span>
              <button
                data-objectid="18937455"
                data-upvotecount={1}
                onClick={[MockFunction]}
              >
                ^
              </button>
              <a
                href="http://www.irisonboard.com/careers/"
              >
                Iris Automation Is Hiring a Computer Vision Expert – AI for Drones
              </a>
              by
              <span>
                aharm
              </span>
              <span>
                3 hours ago
              </span>
              [
              <button
                data-objectid="18937455"
                onClick={[MockFunction]}
              >
                hide
              </button>
              ]
            </td>
          </tr>
          <tr>
            <td>
              <span>
                2
              </span>
              <span>
                8
              </span>
              <button
                data-objectid="18937278"
                data-upvotecount={8}
                onClick={[MockFunction]}
              >
                ^
              </button>
              <a
                href="https://github.blog/2019-01-16-dashboard-ui-refresh/"
              >
                GitHub dashboard UI refresh
              </a>
              by
              <span>
                rococode
              </span>
              <span>
                3 hours ago
              </span>
              [
              <button
                data-objectid="18937278"
                onClick={[MockFunction]}
              >
                hide
              </button>
              ]
            </td>
          </tr>
        </tbody>,
      },
      "ref": null,
      "rendered": Object {
        "instance": null,
        "key": undefined,
        "nodeType": "host",
        "props": Object {
          "children": Array [
            <tr>
              <td>
                <span>
                  0
                </span>
                <span>
                  6
                </span>
                <button
                  data-objectid="18937464"
                  data-upvotecount={6}
                  onClick={[MockFunction]}
                >
                  ^
                </button>
                <a
                  href="https://css-irl.info/animating-css-grid/"
                >
                  Animating CSS Grid
                </a>
                by
                <span>
                  skilled
                </span>
                <span>
                  3 hours ago
                </span>
                [
                <button
                  data-objectid="18937464"
                  onClick={[MockFunction]}
                >
                  hide
                </button>
                ]
              </td>
            </tr>,
            <tr>
              <td>
                <span />
                <span>
                  1
                </span>
                <button
                  data-objectid="18937455"
                  data-upvotecount={1}
                  onClick={[MockFunction]}
                >
                  ^
                </button>
                <a
                  href="http://www.irisonboard.com/careers/"
                >
                  Iris Automation Is Hiring a Computer Vision Expert – AI for Drones
                </a>
                by
                <span>
                  aharm
                </span>
                <span>
                  3 hours ago
                </span>
                [
                <button
                  data-objectid="18937455"
                  onClick={[MockFunction]}
                >
                  hide
                </button>
                ]
              </td>
            </tr>,
            <tr>
              <td>
                <span>
                  2
                </span>
                <span>
                  8
                </span>
                <button
                  data-objectid="18937278"
                  data-upvotecount={8}
                  onClick={[MockFunction]}
                >
                  ^
                </button>
                <a
                  href="https://github.blog/2019-01-16-dashboard-ui-refresh/"
                >
                  GitHub dashboard UI refresh
                </a>
                by
                <span>
                  rococode
                </span>
                <span>
                  3 hours ago
                </span>
                [
                <button
                  data-objectid="18937278"
                  onClick={[MockFunction]}
                >
                  hide
                </button>
                ]
              </td>
            </tr>,
          ],
        },
        "ref": null,
        "rendered": Array [
          Object {
            "instance": null,
            "key": "18937464",
            "nodeType": "host",
            "props": Object {
              "children": <td>
                <span>
                  0
                </span>
                <span>
                  6
                </span>
                <button
                  data-objectid="18937464"
                  data-upvotecount={6}
                  onClick={[MockFunction]}
                >
                  ^
                </button>
                <a
                  href="https://css-irl.info/animating-css-grid/"
                >
                  Animating CSS Grid
                </a>
                by
                <span>
                  skilled
                </span>
                <span>
                  3 hours ago
                </span>
                [
                <button
                  data-objectid="18937464"
                  onClick={[MockFunction]}
                >
                  hide
                </button>
                ]
              </td>,
            },
            "ref": null,
            "rendered": Object {
              "instance": null,
              "key": undefined,
              "nodeType": "host",
              "props": Object {
                "children": Array [
                  <span>
                    0
                  </span>,
                  <span>
                    6
                  </span>,
                  <button
                    data-objectid="18937464"
                    data-upvotecount={6}
                    onClick={[MockFunction]}
                  >
                    ^
                  </button>,
                  <a
                    href="https://css-irl.info/animating-css-grid/"
                  >
                    Animating CSS Grid
                  </a>,
                  "by",
                  <span>
                    skilled
                  </span>,
                  <span>
                    3 hours ago
                  </span>,
                  "[",
                  <button
                    data-objectid="18937464"
                    onClick={[MockFunction]}
                  >
                    hide
                  </button>,
                  "]",
                ],
              },
              "ref": null,
              "rendered": Array [
                Object {
                  "instance": null,
                  "key": undefined,
                  "nodeType": "host",
                  "props": Object {
                    "children": 0,
                  },
                  "ref": null,
                  "rendered": 0,
                  "type": "span",
                },
                Object {
                  "instance": null,
                  "key": undefined,
                  "nodeType": "host",
                  "props": Object {
                    "children": 6,
                  },
                  "ref": null,
                  "rendered": 6,
                  "type": "span",
                },
                Object {
                  "instance": null,
                  "key": undefined,
                  "nodeType": "host",
                  "props": Object {
                    "children": "^",
                    "data-objectid": "18937464",
                    "data-upvotecount": 6,
                    "onClick": [MockFunction],
                  },
                  "ref": null,
                  "rendered": "^",
                  "type": "button",
                },
                Object {
                  "instance": null,
                  "key": undefined,
                  "nodeType": "host",
                  "props": Object {
                    "children": "Animating CSS Grid",
                    "href": "https://css-irl.info/animating-css-grid/",
                  },
                  "ref": null,
                  "rendered": "Animating CSS Grid",
                  "type": "a",
                },
                "by",
                Object {
                  "instance": null,
                  "key": undefined,
                  "nodeType": "host",
                  "props": Object {
                    "children": "skilled",
                  },
                  "ref": null,
                  "rendered": "skilled",
                  "type": "span",
                },
                Object {
                  "instance": null,
                  "key": undefined,
                  "nodeType": "host",
                  "props": Object {
                    "children": "3 hours ago",
                  },
                  "ref": null,
                  "rendered": "3 hours ago",
                  "type": "span",
                },
                "[",
                Object {
                  "instance": null,
                  "key": undefined,
                  "nodeType": "host",
                  "props": Object {
                    "children": "hide",
                    "data-objectid": "18937464",
                    "onClick": [MockFunction],
                  },
                  "ref": null,
                  "rendered": "hide",
                  "type": "button",
                },
                "]",
              ],
              "type": "td",
            },
            "type": "tr",
          },
          Object {
            "instance": null,
            "key": "18937455",
            "nodeType": "host",
            "props": Object {
              "children": <td>
                <span />
                <span>
                  1
                </span>
                <button
                  data-objectid="18937455"
                  data-upvotecount={1}
                  onClick={[MockFunction]}
                >
                  ^
                </button>
                <a
                  href="http://www.irisonboard.com/careers/"
                >
                  Iris Automation Is Hiring a Computer Vision Expert – AI for Drones
                </a>
                by
                <span>
                  aharm
                </span>
                <span>
                  3 hours ago
                </span>
                [
                <button
                  data-objectid="18937455"
                  onClick={[MockFunction]}
                >
                  hide
                </button>
                ]
              </td>,
            },
            "ref": null,
            "rendered": Object {
              "instance": null,
              "key": undefined,
              "nodeType": "host",
              "props": Object {
                "children": Array [
                  <span />,
                  <span>
                    1
                  </span>,
                  <button
                    data-objectid="18937455"
                    data-upvotecount={1}
                    onClick={[MockFunction]}
                  >
                    ^
                  </button>,
                  <a
                    href="http://www.irisonboard.com/careers/"
                  >
                    Iris Automation Is Hiring a Computer Vision Expert – AI for Drones
                  </a>,
                  "by",
                  <span>
                    aharm
                  </span>,
                  <span>
                    3 hours ago
                  </span>,
                  "[",
                  <button
                    data-objectid="18937455"
                    onClick={[MockFunction]}
                  >
                    hide
                  </button>,
                  "]",
                ],
              },
              "ref": null,
              "rendered": Array [
                Object {
                  "instance": null,
                  "key": undefined,
                  "nodeType": "host",
                  "props": Object {
                    "children": null,
                  },
                  "ref": null,
                  "rendered": null,
                  "type": "span",
                },
                Object {
                  "instance": null,
                  "key": undefined,
                  "nodeType": "host",
                  "props": Object {
                    "children": 1,
                  },
                  "ref": null,
                  "rendered": 1,
                  "type": "span",
                },
                Object {
                  "instance": null,
                  "key": undefined,
                  "nodeType": "host",
                  "props": Object {
                    "children": "^",
                    "data-objectid": "18937455",
                    "data-upvotecount": 1,
                    "onClick": [MockFunction],
                  },
                  "ref": null,
                  "rendered": "^",
                  "type": "button",
                },
                Object {
                  "instance": null,
                  "key": undefined,
                  "nodeType": "host",
                  "props": Object {
                    "children": "Iris Automation Is Hiring a Computer Vision Expert – AI for Drones",
                    "href": "http://www.irisonboard.com/careers/",
                  },
                  "ref": null,
                  "rendered": "Iris Automation Is Hiring a Computer Vision Expert – AI for Drones",
                  "type": "a",
                },
                "by",
                Object {
                  "instance": null,
                  "key": undefined,
                  "nodeType": "host",
                  "props": Object {
                    "children": "aharm",
                  },
                  "ref": null,
                  "rendered": "aharm",
                  "type": "span",
                },
                Object {
                  "instance": null,
                  "key": undefined,
                  "nodeType": "host",
                  "props": Object {
                    "children": "3 hours ago",
                  },
                  "ref": null,
                  "rendered": "3 hours ago",
                  "type": "span",
                },
                "[",
                Object {
                  "instance": null,
                  "key": undefined,
                  "nodeType": "host",
                  "props": Object {
                    "children": "hide",
                    "data-objectid": "18937455",
                    "onClick": [MockFunction],
                  },
                  "ref": null,
                  "rendered": "hide",
                  "type": "button",
                },
                "]",
              ],
              "type": "td",
            },
            "type": "tr",
          },
          Object {
            "instance": null,
            "key": "18937278",
            "nodeType": "host",
            "props": Object {
              "children": <td>
                <span>
                  2
                </span>
                <span>
                  8
                </span>
                <button
                  data-objectid="18937278"
                  data-upvotecount={8}
                  onClick={[MockFunction]}
                >
                  ^
                </button>
                <a
                  href="https://github.blog/2019-01-16-dashboard-ui-refresh/"
                >
                  GitHub dashboard UI refresh
                </a>
                by
                <span>
                  rococode
                </span>
                <span>
                  3 hours ago
                </span>
                [
                <button
                  data-objectid="18937278"
                  onClick={[MockFunction]}
                >
                  hide
                </button>
                ]
              </td>,
            },
            "ref": null,
            "rendered": Object {
              "instance": null,
              "key": undefined,
              "nodeType": "host",
              "props": Object {
                "children": Array [
                  <span>
                    2
                  </span>,
                  <span>
                    8
                  </span>,
                  <button
                    data-objectid="18937278"
                    data-upvotecount={8}
                    onClick={[MockFunction]}
                  >
                    ^
                  </button>,
                  <a
                    href="https://github.blog/2019-01-16-dashboard-ui-refresh/"
                  >
                    GitHub dashboard UI refresh
                  </a>,
                  "by",
                  <span>
                    rococode
                  </span>,
                  <span>
                    3 hours ago
                  </span>,
                  "[",
                  <button
                    data-objectid="18937278"
                    onClick={[MockFunction]}
                  >
                    hide
                  </button>,
                  "]",
                ],
              },
              "ref": null,
              "rendered": Array [
                Object {
                  "instance": null,
                  "key": undefined,
                  "nodeType": "host",
                  "props": Object {
                    "children": 2,
                  },
                  "ref": null,
                  "rendered": 2,
                  "type": "span",
                },
                Object {
                  "instance": null,
                  "key": undefined,
                  "nodeType": "host",
                  "props": Object {
                    "children": 8,
                  },
                  "ref": null,
                  "rendered": 8,
                  "type": "span",
                },
                Object {
                  "instance": null,
                  "key": undefined,
                  "nodeType": "host",
                  "props": Object {
                    "children": "^",
                    "data-objectid": "18937278",
                    "data-upvotecount": 8,
                    "onClick": [MockFunction],
                  },
                  "ref": null,
                  "rendered": "^",
                  "type": "button",
                },
                Object {
                  "instance": null,
                  "key": undefined,
                  "nodeType": "host",
                  "props": Object {
                    "children": "GitHub dashboard UI refresh",
                    "href": "https://github.blog/2019-01-16-dashboard-ui-refresh/",
                  },
                  "ref": null,
                  "rendered": "GitHub dashboard UI refresh",
                  "type": "a",
                },
                "by",
                Object {
                  "instance": null,
                  "key": undefined,
                  "nodeType": "host",
                  "props": Object {
                    "children": "rococode",
                  },
                  "ref": null,
                  "rendered": "rococode",
                  "type": "span",
                },
                Object {
                  "instance": null,
                  "key": undefined,
                  "nodeType": "host",
                  "props": Object {
                    "children": "3 hours ago",
                  },
                  "ref": null,
                  "rendered": "3 hours ago",
                  "type": "span",
                },
                "[",
                Object {
                  "instance": null,
                  "key": undefined,
                  "nodeType": "host",
                  "props": Object {
                    "children": "hide",
                    "data-objectid": "18937278",
                    "onClick": [MockFunction],
                  },
                  "ref": null,
                  "rendered": "hide",
                  "type": "button",
                },
                "]",
              ],
              "type": "td",
            },
            "type": "tr",
          },
        ],
        "type": "tbody",
      },
      "type": "table",
    },
  ],
  Symbol(enzyme.__options__): Object {
    "adapter": ReactSixteenAdapter {
      "options": Object {
        "enableComponentDidUpdateOnSetState": true,
        "lifecycles": Object {
          "componentDidUpdate": Object {
            "onSetState": true,
          },
          "getDerivedStateFromProps": true,
          "getSnapshotBeforeUpdate": true,
          "setState": Object {
            "skipsComponentDidUpdateOnNullish": true,
          },
        },
      },
    },
  },
}
`;
