// Jest Snapshot v1, https://goo.gl/fbAQLP

exports[`NewsList gets rendered 1`] = `
ShallowWrapper {
  Symbol(enzyme.__root__): [Circular],
  Symbol(enzyme.__unrendered__): <NewsList
    hidePostClick={[MockFunction]}
    posts={
      Array [
        Object {
          "author": "skilled",
          "created_at": "2019-01-18T06:38:46.000Z",
          "num_comments": 0,
          "objectID": "18937464",
          "points": 6,
          "title": "Animating CSS Grid",
          "url": "https://css-irl.info/animating-css-grid/",
        },
        Object {
          "author": "aharm",
          "created_at": "2019-01-18T06:34:51.000Z",
          "num_comments": null,
          "objectID": "18937455",
          "points": 1,
          "title": "Iris Automation Is Hiring a Computer Vision Expert – AI for Drones",
          "url": "http://www.irisonboard.com/careers/",
        },
        Object {
          "author": "rococode",
          "created_at": "2019-01-18T05:44:33.000Z",
          "num_comments": 2,
          "objectID": "18937278",
          "points": 8,
          "title": "GitHub dashboard UI refresh",
          "url": "https://github.blog/2019-01-16-dashboard-ui-refresh/",
        },
      ]
    }
    upvoteClick={[MockFunction]}
  />,
  Symbol(enzyme.__renderer__): Object {
    "batchedUpdates": [Function],
    "getNode": [Function],
    "render": [Function],
    "simulateError": [Function],
    "simulateEvent": [Function],
    "unmount": [Function],
  },
  Symbol(enzyme.__node__): Object {
    "instance": null,
    "key": undefined,
    "nodeType": "host",
    "props": Object {
      "children": Array [
        <div
          className="row evenRow"
        >
          <span
            className="firstClass"
          >
            <span
              className="info comments"
            >
              0
            </span>
            <span
              className="points"
            >
              6
            </span>
            <span
              className="info upvote"
              data-objectid="18937464"
              data-upvotecount={6}
              onClick={[MockFunction]}
            >
              ▲
            </span>
            <span
              className="title"
            >
              <a
                aria-label="Animating CSS Grid"
                href="https://css-irl.info/animating-css-grid/"
              >
                Animating CSS Grid
              </a>
               
            </span>
            <span>
              (
              <a
                className="info"
                href="https://css-irl.info/animating-css-grid/"
              />
              ) 
            </span>
          </span>
          <span
            className="secondClass"
          >
            <span
              className="info"
            >
              by 
              <span
                className="title"
              >
                skilled
              </span>
                
            </span>
            <span
              className="info"
            />
            <span
              className="info hidepost helper-spacing-left"
            >
              [ 
              <span
                className="title"
                data-objectid="18937464"
                onClick={[MockFunction]}
              >
                hide
              </span>
               ]
            </span>
          </span>
        </div>,
        <div
          className="row oddRow"
        >
          <span
            className="firstClass"
          >
            <span
              className="info comments"
            />
            <span
              className="points"
            >
              1
            </span>
            <span
              className="info upvote"
              data-objectid="18937455"
              data-upvotecount={1}
              onClick={[MockFunction]}
            >
              ▲
            </span>
            <span
              className="title"
            >
              <a
                aria-label="Iris Automation Is Hiring a Computer Vision Expert – AI for Drones"
                href="http://www.irisonboard.com/careers/"
              >
                Iris Automation Is Hiring a Computer Vision Expert – AI for Drones
              </a>
               
            </span>
            <span>
              (
              <a
                className="info"
                href="http://www.irisonboard.com/careers/"
              />
              ) 
            </span>
          </span>
          <span
            className="secondClass"
          >
            <span
              className="info"
            >
              by 
              <span
                className="title"
              >
                aharm
              </span>
                
            </span>
            <span
              className="info"
            />
            <span
              className="info hidepost helper-spacing-left"
            >
              [ 
              <span
                className="title"
                data-objectid="18937455"
                onClick={[MockFunction]}
              >
                hide
              </span>
               ]
            </span>
          </span>
        </div>,
        <div
          className="row evenRow"
        >
          <span
            className="firstClass"
          >
            <span
              className="info comments"
            >
              2
            </span>
            <span
              className="points"
            >
              8
            </span>
            <span
              className="info upvote"
              data-objectid="18937278"
              data-upvotecount={8}
              onClick={[MockFunction]}
            >
              ▲
            </span>
            <span
              className="title"
            >
              <a
                aria-label="GitHub dashboard UI refresh"
                href="https://github.blog/2019-01-16-dashboard-ui-refresh/"
              >
                GitHub dashboard UI refresh
              </a>
               
            </span>
            <span>
              (
              <a
                className="info"
                href="https://github.blog/2019-01-16-dashboard-ui-refresh/"
              />
              ) 
            </span>
          </span>
          <span
            className="secondClass"
          >
            <span
              className="info"
            >
              by 
              <span
                className="title"
              >
                rococode
              </span>
                
            </span>
            <span
              className="info"
            />
            <span
              className="info hidepost helper-spacing-left"
            >
              [ 
              <span
                className="title"
                data-objectid="18937278"
                onClick={[MockFunction]}
              >
                hide
              </span>
               ]
            </span>
          </span>
        </div>,
      ],
      "className": "postsContainer",
    },
    "ref": null,
    "rendered": Array [
      Object {
        "instance": null,
        "key": "18937464",
        "nodeType": "host",
        "props": Object {
          "children": Array [
            <span
              className="firstClass"
            >
              <span
                className="info comments"
              >
                0
              </span>
              <span
                className="points"
              >
                6
              </span>
              <span
                className="info upvote"
                data-objectid="18937464"
                data-upvotecount={6}
                onClick={[MockFunction]}
              >
                ▲
              </span>
              <span
                className="title"
              >
                <a
                  aria-label="Animating CSS Grid"
                  href="https://css-irl.info/animating-css-grid/"
                >
                  Animating CSS Grid
                </a>
                 
              </span>
              <span>
                (
                <a
                  className="info"
                  href="https://css-irl.info/animating-css-grid/"
                />
                ) 
              </span>
            </span>,
            <span
              className="secondClass"
            >
              <span
                className="info"
              >
                by 
                <span
                  className="title"
                >
                  skilled
                </span>
                  
              </span>
              <span
                className="info"
              />
              <span
                className="info hidepost helper-spacing-left"
              >
                [ 
                <span
                  className="title"
                  data-objectid="18937464"
                  onClick={[MockFunction]}
                >
                  hide
                </span>
                 ]
              </span>
            </span>,
          ],
          "className": "row evenRow",
        },
        "ref": null,
        "rendered": Array [
          Object {
            "instance": null,
            "key": undefined,
            "nodeType": "host",
            "props": Object {
              "children": Array [
                <span
                  className="info comments"
                >
                  0
                </span>,
                <span
                  className="points"
                >
                  6
                </span>,
                <span
                  className="info upvote"
                  data-objectid="18937464"
                  data-upvotecount={6}
                  onClick={[MockFunction]}
                >
                  ▲
                </span>,
                <span
                  className="title"
                >
                  <a
                    aria-label="Animating CSS Grid"
                    href="https://css-irl.info/animating-css-grid/"
                  >
                    Animating CSS Grid
                  </a>
                   
                </span>,
                <span>
                  (
                  <a
                    className="info"
                    href="https://css-irl.info/animating-css-grid/"
                  />
                  ) 
                </span>,
              ],
              "className": "firstClass",
            },
            "ref": null,
            "rendered": Array [
              Object {
                "instance": null,
                "key": undefined,
                "nodeType": "host",
                "props": Object {
                  "children": 0,
                  "className": "info comments",
                },
                "ref": null,
                "rendered": 0,
                "type": "span",
              },
              Object {
                "instance": null,
                "key": undefined,
                "nodeType": "host",
                "props": Object {
                  "children": 6,
                  "className": "points",
                },
                "ref": null,
                "rendered": 6,
                "type": "span",
              },
              Object {
                "instance": null,
                "key": undefined,
                "nodeType": "host",
                "props": Object {
                  "children": "▲",
                  "className": "info upvote",
                  "data-objectid": "18937464",
                  "data-upvotecount": 6,
                  "onClick": [MockFunction],
                },
                "ref": null,
                "rendered": "▲",
                "type": "span",
              },
              Object {
                "instance": null,
                "key": undefined,
                "nodeType": "host",
                "props": Object {
                  "children": Array [
                    <a
                      aria-label="Animating CSS Grid"
                      href="https://css-irl.info/animating-css-grid/"
                    >
                      Animating CSS Grid
                    </a>,
                    " ",
                  ],
                  "className": "title",
                },
                "ref": null,
                "rendered": Array [
                  Object {
                    "instance": null,
                    "key": undefined,
                    "nodeType": "host",
                    "props": Object {
                      "aria-label": "Animating CSS Grid",
                      "children": "Animating CSS Grid",
                      "href": "https://css-irl.info/animating-css-grid/",
                    },
                    "ref": null,
                    "rendered": "Animating CSS Grid",
                    "type": "a",
                  },
                  " ",
                ],
                "type": "span",
              },
              Object {
                "instance": null,
                "key": undefined,
                "nodeType": "host",
                "props": Object {
                  "children": Array [
                    "(",
                    <a
                      className="info"
                      href="https://css-irl.info/animating-css-grid/"
                    />,
                    ") ",
                  ],
                },
                "ref": null,
                "rendered": Array [
                  "(",
                  Object {
                    "instance": null,
                    "key": undefined,
                    "nodeType": "host",
                    "props": Object {
                      "children": undefined,
                      "className": "info",
                      "href": "https://css-irl.info/animating-css-grid/",
                    },
                    "ref": null,
                    "rendered": null,
                    "type": "a",
                  },
                  ") ",
                ],
                "type": "span",
              },
            ],
            "type": "span",
          },
          Object {
            "instance": null,
            "key": undefined,
            "nodeType": "host",
            "props": Object {
              "children": Array [
                <span
                  className="info"
                >
                  by 
                  <span
                    className="title"
                  >
                    skilled
                  </span>
                    
                </span>,
                <span
                  className="info"
                />,
                <span
                  className="info hidepost helper-spacing-left"
                >
                  [ 
                  <span
                    className="title"
                    data-objectid="18937464"
                    onClick={[MockFunction]}
                  >
                    hide
                  </span>
                   ]
                </span>,
              ],
              "className": "secondClass",
            },
            "ref": null,
            "rendered": Array [
              Object {
                "instance": null,
                "key": undefined,
                "nodeType": "host",
                "props": Object {
                  "children": Array [
                    "by ",
                    <span
                      className="title"
                    >
                      skilled
                    </span>,
                    "  ",
                  ],
                  "className": "info",
                },
                "ref": null,
                "rendered": Array [
                  "by ",
                  Object {
                    "instance": null,
                    "key": undefined,
                    "nodeType": "host",
                    "props": Object {
                      "children": "skilled",
                      "className": "title",
                    },
                    "ref": null,
                    "rendered": "skilled",
                    "type": "span",
                  },
                  "  ",
                ],
                "type": "span",
              },
              Object {
                "instance": null,
                "key": undefined,
                "nodeType": "host",
                "props": Object {
                  "children": undefined,
                  "className": "info",
                },
                "ref": null,
                "rendered": null,
                "type": "span",
              },
              Object {
                "instance": null,
                "key": undefined,
                "nodeType": "host",
                "props": Object {
                  "children": Array [
                    "[ ",
                    <span
                      className="title"
                      data-objectid="18937464"
                      onClick={[MockFunction]}
                    >
                      hide
                    </span>,
                    " ]",
                  ],
                  "className": "info hidepost helper-spacing-left",
                },
                "ref": null,
                "rendered": Array [
                  "[ ",
                  Object {
                    "instance": null,
                    "key": undefined,
                    "nodeType": "host",
                    "props": Object {
                      "children": "hide",
                      "className": "title",
                      "data-objectid": "18937464",
                      "onClick": [MockFunction],
                    },
                    "ref": null,
                    "rendered": "hide",
                    "type": "span",
                  },
                  " ]",
                ],
                "type": "span",
              },
            ],
            "type": "span",
          },
        ],
        "type": "div",
      },
      Object {
        "instance": null,
        "key": "18937455",
        "nodeType": "host",
        "props": Object {
          "children": Array [
            <span
              className="firstClass"
            >
              <span
                className="info comments"
              />
              <span
                className="points"
              >
                1
              </span>
              <span
                className="info upvote"
                data-objectid="18937455"
                data-upvotecount={1}
                onClick={[MockFunction]}
              >
                ▲
              </span>
              <span
                className="title"
              >
                <a
                  aria-label="Iris Automation Is Hiring a Computer Vision Expert – AI for Drones"
                  href="http://www.irisonboard.com/careers/"
                >
                  Iris Automation Is Hiring a Computer Vision Expert – AI for Drones
                </a>
                 
              </span>
              <span>
                (
                <a
                  className="info"
                  href="http://www.irisonboard.com/careers/"
                />
                ) 
              </span>
            </span>,
            <span
              className="secondClass"
            >
              <span
                className="info"
              >
                by 
                <span
                  className="title"
                >
                  aharm
                </span>
                  
              </span>
              <span
                className="info"
              />
              <span
                className="info hidepost helper-spacing-left"
              >
                [ 
                <span
                  className="title"
                  data-objectid="18937455"
                  onClick={[MockFunction]}
                >
                  hide
                </span>
                 ]
              </span>
            </span>,
          ],
          "className": "row oddRow",
        },
        "ref": null,
        "rendered": Array [
          Object {
            "instance": null,
            "key": undefined,
            "nodeType": "host",
            "props": Object {
              "children": Array [
                <span
                  className="info comments"
                />,
                <span
                  className="points"
                >
                  1
                </span>,
                <span
                  className="info upvote"
                  data-objectid="18937455"
                  data-upvotecount={1}
                  onClick={[MockFunction]}
                >
                  ▲
                </span>,
                <span
                  className="title"
                >
                  <a
                    aria-label="Iris Automation Is Hiring a Computer Vision Expert – AI for Drones"
                    href="http://www.irisonboard.com/careers/"
                  >
                    Iris Automation Is Hiring a Computer Vision Expert – AI for Drones
                  </a>
                   
                </span>,
                <span>
                  (
                  <a
                    className="info"
                    href="http://www.irisonboard.com/careers/"
                  />
                  ) 
                </span>,
              ],
              "className": "firstClass",
            },
            "ref": null,
            "rendered": Array [
              Object {
                "instance": null,
                "key": undefined,
                "nodeType": "host",
                "props": Object {
                  "children": null,
                  "className": "info comments",
                },
                "ref": null,
                "rendered": null,
                "type": "span",
              },
              Object {
                "instance": null,
                "key": undefined,
                "nodeType": "host",
                "props": Object {
                  "children": 1,
                  "className": "points",
                },
                "ref": null,
                "rendered": 1,
                "type": "span",
              },
              Object {
                "instance": null,
                "key": undefined,
                "nodeType": "host",
                "props": Object {
                  "children": "▲",
                  "className": "info upvote",
                  "data-objectid": "18937455",
                  "data-upvotecount": 1,
                  "onClick": [MockFunction],
                },
                "ref": null,
                "rendered": "▲",
                "type": "span",
              },
              Object {
                "instance": null,
                "key": undefined,
                "nodeType": "host",
                "props": Object {
                  "children": Array [
                    <a
                      aria-label="Iris Automation Is Hiring a Computer Vision Expert – AI for Drones"
                      href="http://www.irisonboard.com/careers/"
                    >
                      Iris Automation Is Hiring a Computer Vision Expert – AI for Drones
                    </a>,
                    " ",
                  ],
                  "className": "title",
                },
                "ref": null,
                "rendered": Array [
                  Object {
                    "instance": null,
                    "key": undefined,
                    "nodeType": "host",
                    "props": Object {
                      "aria-label": "Iris Automation Is Hiring a Computer Vision Expert – AI for Drones",
                      "children": "Iris Automation Is Hiring a Computer Vision Expert – AI for Drones",
                      "href": "http://www.irisonboard.com/careers/",
                    },
                    "ref": null,
                    "rendered": "Iris Automation Is Hiring a Computer Vision Expert – AI for Drones",
                    "type": "a",
                  },
                  " ",
                ],
                "type": "span",
              },
              Object {
                "instance": null,
                "key": undefined,
                "nodeType": "host",
                "props": Object {
                  "children": Array [
                    "(",
                    <a
                      className="info"
                      href="http://www.irisonboard.com/careers/"
                    />,
                    ") ",
                  ],
                },
                "ref": null,
                "rendered": Array [
                  "(",
                  Object {
                    "instance": null,
                    "key": undefined,
                    "nodeType": "host",
                    "props": Object {
                      "children": undefined,
                      "className": "info",
                      "href": "http://www.irisonboard.com/careers/",
                    },
                    "ref": null,
                    "rendered": null,
                    "type": "a",
                  },
                  ") ",
                ],
                "type": "span",
              },
            ],
            "type": "span",
          },
          Object {
            "instance": null,
            "key": undefined,
            "nodeType": "host",
            "props": Object {
              "children": Array [
                <span
                  className="info"
                >
                  by 
                  <span
                    className="title"
                  >
                    aharm
                  </span>
                    
                </span>,
                <span
                  className="info"
                />,
                <span
                  className="info hidepost helper-spacing-left"
                >
                  [ 
                  <span
                    className="title"
                    data-objectid="18937455"
                    onClick={[MockFunction]}
                  >
                    hide
                  </span>
                   ]
                </span>,
              ],
              "className": "secondClass",
            },
            "ref": null,
            "rendered": Array [
              Object {
                "instance": null,
                "key": undefined,
                "nodeType": "host",
                "props": Object {
                  "children": Array [
                    "by ",
                    <span
                      className="title"
                    >
                      aharm
                    </span>,
                    "  ",
                  ],
                  "className": "info",
                },
                "ref": null,
                "rendered": Array [
                  "by ",
                  Object {
                    "instance": null,
                    "key": undefined,
                    "nodeType": "host",
                    "props": Object {
                      "children": "aharm",
                      "className": "title",
                    },
                    "ref": null,
                    "rendered": "aharm",
                    "type": "span",
                  },
                  "  ",
                ],
                "type": "span",
              },
              Object {
                "instance": null,
                "key": undefined,
                "nodeType": "host",
                "props": Object {
                  "children": undefined,
                  "className": "info",
                },
                "ref": null,
                "rendered": null,
                "type": "span",
              },
              Object {
                "instance": null,
                "key": undefined,
                "nodeType": "host",
                "props": Object {
                  "children": Array [
                    "[ ",
                    <span
                      className="title"
                      data-objectid="18937455"
                      onClick={[MockFunction]}
                    >
                      hide
                    </span>,
                    " ]",
                  ],
                  "className": "info hidepost helper-spacing-left",
                },
                "ref": null,
                "rendered": Array [
                  "[ ",
                  Object {
                    "instance": null,
                    "key": undefined,
                    "nodeType": "host",
                    "props": Object {
                      "children": "hide",
                      "className": "title",
                      "data-objectid": "18937455",
                      "onClick": [MockFunction],
                    },
                    "ref": null,
                    "rendered": "hide",
                    "type": "span",
                  },
                  " ]",
                ],
                "type": "span",
              },
            ],
            "type": "span",
          },
        ],
        "type": "div",
      },
      Object {
        "instance": null,
        "key": "18937278",
        "nodeType": "host",
        "props": Object {
          "children": Array [
            <span
              className="firstClass"
            >
              <span
                className="info comments"
              >
                2
              </span>
              <span
                className="points"
              >
                8
              </span>
              <span
                className="info upvote"
                data-objectid="18937278"
                data-upvotecount={8}
                onClick={[MockFunction]}
              >
                ▲
              </span>
              <span
                className="title"
              >
                <a
                  aria-label="GitHub dashboard UI refresh"
                  href="https://github.blog/2019-01-16-dashboard-ui-refresh/"
                >
                  GitHub dashboard UI refresh
                </a>
                 
              </span>
              <span>
                (
                <a
                  className="info"
                  href="https://github.blog/2019-01-16-dashboard-ui-refresh/"
                />
                ) 
              </span>
            </span>,
            <span
              className="secondClass"
            >
              <span
                className="info"
              >
                by 
                <span
                  className="title"
                >
                  rococode
                </span>
                  
              </span>
              <span
                className="info"
              />
              <span
                className="info hidepost helper-spacing-left"
              >
                [ 
                <span
                  className="title"
                  data-objectid="18937278"
                  onClick={[MockFunction]}
                >
                  hide
                </span>
                 ]
              </span>
            </span>,
          ],
          "className": "row evenRow",
        },
        "ref": null,
        "rendered": Array [
          Object {
            "instance": null,
            "key": undefined,
            "nodeType": "host",
            "props": Object {
              "children": Array [
                <span
                  className="info comments"
                >
                  2
                </span>,
                <span
                  className="points"
                >
                  8
                </span>,
                <span
                  className="info upvote"
                  data-objectid="18937278"
                  data-upvotecount={8}
                  onClick={[MockFunction]}
                >
                  ▲
                </span>,
                <span
                  className="title"
                >
                  <a
                    aria-label="GitHub dashboard UI refresh"
                    href="https://github.blog/2019-01-16-dashboard-ui-refresh/"
                  >
                    GitHub dashboard UI refresh
                  </a>
                   
                </span>,
                <span>
                  (
                  <a
                    className="info"
                    href="https://github.blog/2019-01-16-dashboard-ui-refresh/"
                  />
                  ) 
                </span>,
              ],
              "className": "firstClass",
            },
            "ref": null,
            "rendered": Array [
              Object {
                "instance": null,
                "key": undefined,
                "nodeType": "host",
                "props": Object {
                  "children": 2,
                  "className": "info comments",
                },
                "ref": null,
                "rendered": 2,
                "type": "span",
              },
              Object {
                "instance": null,
                "key": undefined,
                "nodeType": "host",
                "props": Object {
                  "children": 8,
                  "className": "points",
                },
                "ref": null,
                "rendered": 8,
                "type": "span",
              },
              Object {
                "instance": null,
                "key": undefined,
                "nodeType": "host",
                "props": Object {
                  "children": "▲",
                  "className": "info upvote",
                  "data-objectid": "18937278",
                  "data-upvotecount": 8,
                  "onClick": [MockFunction],
                },
                "ref": null,
                "rendered": "▲",
                "type": "span",
              },
              Object {
                "instance": null,
                "key": undefined,
                "nodeType": "host",
                "props": Object {
                  "children": Array [
                    <a
                      aria-label="GitHub dashboard UI refresh"
                      href="https://github.blog/2019-01-16-dashboard-ui-refresh/"
                    >
                      GitHub dashboard UI refresh
                    </a>,
                    " ",
                  ],
                  "className": "title",
                },
                "ref": null,
                "rendered": Array [
                  Object {
                    "instance": null,
                    "key": undefined,
                    "nodeType": "host",
                    "props": Object {
                      "aria-label": "GitHub dashboard UI refresh",
                      "children": "GitHub dashboard UI refresh",
                      "href": "https://github.blog/2019-01-16-dashboard-ui-refresh/",
                    },
                    "ref": null,
                    "rendered": "GitHub dashboard UI refresh",
                    "type": "a",
                  },
                  " ",
                ],
                "type": "span",
              },
              Object {
                "instance": null,
                "key": undefined,
                "nodeType": "host",
                "props": Object {
                  "children": Array [
                    "(",
                    <a
                      className="info"
                      href="https://github.blog/2019-01-16-dashboard-ui-refresh/"
                    />,
                    ") ",
                  ],
                },
                "ref": null,
                "rendered": Array [
                  "(",
                  Object {
                    "instance": null,
                    "key": undefined,
                    "nodeType": "host",
                    "props": Object {
                      "children": undefined,
                      "className": "info",
                      "href": "https://github.blog/2019-01-16-dashboard-ui-refresh/",
                    },
                    "ref": null,
                    "rendered": null,
                    "type": "a",
                  },
                  ") ",
                ],
                "type": "span",
              },
            ],
            "type": "span",
          },
          Object {
            "instance": null,
            "key": undefined,
            "nodeType": "host",
            "props": Object {
              "children": Array [
                <span
                  className="info"
                >
                  by 
                  <span
                    className="title"
                  >
                    rococode
                  </span>
                    
                </span>,
                <span
                  className="info"
                />,
                <span
                  className="info hidepost helper-spacing-left"
                >
                  [ 
                  <span
                    className="title"
                    data-objectid="18937278"
                    onClick={[MockFunction]}
                  >
                    hide
                  </span>
                   ]
                </span>,
              ],
              "className": "secondClass",
            },
            "ref": null,
            "rendered": Array [
              Object {
                "instance": null,
                "key": undefined,
                "nodeType": "host",
                "props": Object {
                  "children": Array [
                    "by ",
                    <span
                      className="title"
                    >
                      rococode
                    </span>,
                    "  ",
                  ],
                  "className": "info",
                },
                "ref": null,
                "rendered": Array [
                  "by ",
                  Object {
                    "instance": null,
                    "key": undefined,
                    "nodeType": "host",
                    "props": Object {
                      "children": "rococode",
                      "className": "title",
                    },
                    "ref": null,
                    "rendered": "rococode",
                    "type": "span",
                  },
                  "  ",
                ],
                "type": "span",
              },
              Object {
                "instance": null,
                "key": undefined,
                "nodeType": "host",
                "props": Object {
                  "children": undefined,
                  "className": "info",
                },
                "ref": null,
                "rendered": null,
                "type": "span",
              },
              Object {
                "instance": null,
                "key": undefined,
                "nodeType": "host",
                "props": Object {
                  "children": Array [
                    "[ ",
                    <span
                      className="title"
                      data-objectid="18937278"
                      onClick={[MockFunction]}
                    >
                      hide
                    </span>,
                    " ]",
                  ],
                  "className": "info hidepost helper-spacing-left",
                },
                "ref": null,
                "rendered": Array [
                  "[ ",
                  Object {
                    "instance": null,
                    "key": undefined,
                    "nodeType": "host",
                    "props": Object {
                      "children": "hide",
                      "className": "title",
                      "data-objectid": "18937278",
                      "onClick": [MockFunction],
                    },
                    "ref": null,
                    "rendered": "hide",
                    "type": "span",
                  },
                  " ]",
                ],
                "type": "span",
              },
            ],
            "type": "span",
          },
        ],
        "type": "div",
      },
    ],
    "type": "div",
  },
  Symbol(enzyme.__nodes__): Array [
    Object {
      "instance": null,
      "key": undefined,
      "nodeType": "host",
      "props": Object {
        "children": Array [
          <div
            className="row evenRow"
          >
            <span
              className="firstClass"
            >
              <span
                className="info comments"
              >
                0
              </span>
              <span
                className="points"
              >
                6
              </span>
              <span
                className="info upvote"
                data-objectid="18937464"
                data-upvotecount={6}
                onClick={[MockFunction]}
              >
                ▲
              </span>
              <span
                className="title"
              >
                <a
                  aria-label="Animating CSS Grid"
                  href="https://css-irl.info/animating-css-grid/"
                >
                  Animating CSS Grid
                </a>
                 
              </span>
              <span>
                (
                <a
                  className="info"
                  href="https://css-irl.info/animating-css-grid/"
                />
                ) 
              </span>
            </span>
            <span
              className="secondClass"
            >
              <span
                className="info"
              >
                by 
                <span
                  className="title"
                >
                  skilled
                </span>
                  
              </span>
              <span
                className="info"
              />
              <span
                className="info hidepost helper-spacing-left"
              >
                [ 
                <span
                  className="title"
                  data-objectid="18937464"
                  onClick={[MockFunction]}
                >
                  hide
                </span>
                 ]
              </span>
            </span>
          </div>,
          <div
            className="row oddRow"
          >
            <span
              className="firstClass"
            >
              <span
                className="info comments"
              />
              <span
                className="points"
              >
                1
              </span>
              <span
                className="info upvote"
                data-objectid="18937455"
                data-upvotecount={1}
                onClick={[MockFunction]}
              >
                ▲
              </span>
              <span
                className="title"
              >
                <a
                  aria-label="Iris Automation Is Hiring a Computer Vision Expert – AI for Drones"
                  href="http://www.irisonboard.com/careers/"
                >
                  Iris Automation Is Hiring a Computer Vision Expert – AI for Drones
                </a>
                 
              </span>
              <span>
                (
                <a
                  className="info"
                  href="http://www.irisonboard.com/careers/"
                />
                ) 
              </span>
            </span>
            <span
              className="secondClass"
            >
              <span
                className="info"
              >
                by 
                <span
                  className="title"
                >
                  aharm
                </span>
                  
              </span>
              <span
                className="info"
              />
              <span
                className="info hidepost helper-spacing-left"
              >
                [ 
                <span
                  className="title"
                  data-objectid="18937455"
                  onClick={[MockFunction]}
                >
                  hide
                </span>
                 ]
              </span>
            </span>
          </div>,
          <div
            className="row evenRow"
          >
            <span
              className="firstClass"
            >
              <span
                className="info comments"
              >
                2
              </span>
              <span
                className="points"
              >
                8
              </span>
              <span
                className="info upvote"
                data-objectid="18937278"
                data-upvotecount={8}
                onClick={[MockFunction]}
              >
                ▲
              </span>
              <span
                className="title"
              >
                <a
                  aria-label="GitHub dashboard UI refresh"
                  href="https://github.blog/2019-01-16-dashboard-ui-refresh/"
                >
                  GitHub dashboard UI refresh
                </a>
                 
              </span>
              <span>
                (
                <a
                  className="info"
                  href="https://github.blog/2019-01-16-dashboard-ui-refresh/"
                />
                ) 
              </span>
            </span>
            <span
              className="secondClass"
            >
              <span
                className="info"
              >
                by 
                <span
                  className="title"
                >
                  rococode
                </span>
                  
              </span>
              <span
                className="info"
              />
              <span
                className="info hidepost helper-spacing-left"
              >
                [ 
                <span
                  className="title"
                  data-objectid="18937278"
                  onClick={[MockFunction]}
                >
                  hide
                </span>
                 ]
              </span>
            </span>
          </div>,
        ],
        "className": "postsContainer",
      },
      "ref": null,
      "rendered": Array [
        Object {
          "instance": null,
          "key": "18937464",
          "nodeType": "host",
          "props": Object {
            "children": Array [
              <span
                className="firstClass"
              >
                <span
                  className="info comments"
                >
                  0
                </span>
                <span
                  className="points"
                >
                  6
                </span>
                <span
                  className="info upvote"
                  data-objectid="18937464"
                  data-upvotecount={6}
                  onClick={[MockFunction]}
                >
                  ▲
                </span>
                <span
                  className="title"
                >
                  <a
                    aria-label="Animating CSS Grid"
                    href="https://css-irl.info/animating-css-grid/"
                  >
                    Animating CSS Grid
                  </a>
                   
                </span>
                <span>
                  (
                  <a
                    className="info"
                    href="https://css-irl.info/animating-css-grid/"
                  />
                  ) 
                </span>
              </span>,
              <span
                className="secondClass"
              >
                <span
                  className="info"
                >
                  by 
                  <span
                    className="title"
                  >
                    skilled
                  </span>
                    
                </span>
                <span
                  className="info"
                />
                <span
                  className="info hidepost helper-spacing-left"
                >
                  [ 
                  <span
                    className="title"
                    data-objectid="18937464"
                    onClick={[MockFunction]}
                  >
                    hide
                  </span>
                   ]
                </span>
              </span>,
            ],
            "className": "row evenRow",
          },
          "ref": null,
          "rendered": Array [
            Object {
              "instance": null,
              "key": undefined,
              "nodeType": "host",
              "props": Object {
                "children": Array [
                  <span
                    className="info comments"
                  >
                    0
                  </span>,
                  <span
                    className="points"
                  >
                    6
                  </span>,
                  <span
                    className="info upvote"
                    data-objectid="18937464"
                    data-upvotecount={6}
                    onClick={[MockFunction]}
                  >
                    ▲
                  </span>,
                  <span
                    className="title"
                  >
                    <a
                      aria-label="Animating CSS Grid"
                      href="https://css-irl.info/animating-css-grid/"
                    >
                      Animating CSS Grid
                    </a>
                     
                  </span>,
                  <span>
                    (
                    <a
                      className="info"
                      href="https://css-irl.info/animating-css-grid/"
                    />
                    ) 
                  </span>,
                ],
                "className": "firstClass",
              },
              "ref": null,
              "rendered": Array [
                Object {
                  "instance": null,
                  "key": undefined,
                  "nodeType": "host",
                  "props": Object {
                    "children": 0,
                    "className": "info comments",
                  },
                  "ref": null,
                  "rendered": 0,
                  "type": "span",
                },
                Object {
                  "instance": null,
                  "key": undefined,
                  "nodeType": "host",
                  "props": Object {
                    "children": 6,
                    "className": "points",
                  },
                  "ref": null,
                  "rendered": 6,
                  "type": "span",
                },
                Object {
                  "instance": null,
                  "key": undefined,
                  "nodeType": "host",
                  "props": Object {
                    "children": "▲",
                    "className": "info upvote",
                    "data-objectid": "18937464",
                    "data-upvotecount": 6,
                    "onClick": [MockFunction],
                  },
                  "ref": null,
                  "rendered": "▲",
                  "type": "span",
                },
                Object {
                  "instance": null,
                  "key": undefined,
                  "nodeType": "host",
                  "props": Object {
                    "children": Array [
                      <a
                        aria-label="Animating CSS Grid"
                        href="https://css-irl.info/animating-css-grid/"
                      >
                        Animating CSS Grid
                      </a>,
                      " ",
                    ],
                    "className": "title",
                  },
                  "ref": null,
                  "rendered": Array [
                    Object {
                      "instance": null,
                      "key": undefined,
                      "nodeType": "host",
                      "props": Object {
                        "aria-label": "Animating CSS Grid",
                        "children": "Animating CSS Grid",
                        "href": "https://css-irl.info/animating-css-grid/",
                      },
                      "ref": null,
                      "rendered": "Animating CSS Grid",
                      "type": "a",
                    },
                    " ",
                  ],
                  "type": "span",
                },
                Object {
                  "instance": null,
                  "key": undefined,
                  "nodeType": "host",
                  "props": Object {
                    "children": Array [
                      "(",
                      <a
                        className="info"
                        href="https://css-irl.info/animating-css-grid/"
                      />,
                      ") ",
                    ],
                  },
                  "ref": null,
                  "rendered": Array [
                    "(",
                    Object {
                      "instance": null,
                      "key": undefined,
                      "nodeType": "host",
                      "props": Object {
                        "children": undefined,
                        "className": "info",
                        "href": "https://css-irl.info/animating-css-grid/",
                      },
                      "ref": null,
                      "rendered": null,
                      "type": "a",
                    },
                    ") ",
                  ],
                  "type": "span",
                },
              ],
              "type": "span",
            },
            Object {
              "instance": null,
              "key": undefined,
              "nodeType": "host",
              "props": Object {
                "children": Array [
                  <span
                    className="info"
                  >
                    by 
                    <span
                      className="title"
                    >
                      skilled
                    </span>
                      
                  </span>,
                  <span
                    className="info"
                  />,
                  <span
                    className="info hidepost helper-spacing-left"
                  >
                    [ 
                    <span
                      className="title"
                      data-objectid="18937464"
                      onClick={[MockFunction]}
                    >
                      hide
                    </span>
                     ]
                  </span>,
                ],
                "className": "secondClass",
              },
              "ref": null,
              "rendered": Array [
                Object {
                  "instance": null,
                  "key": undefined,
                  "nodeType": "host",
                  "props": Object {
                    "children": Array [
                      "by ",
                      <span
                        className="title"
                      >
                        skilled
                      </span>,
                      "  ",
                    ],
                    "className": "info",
                  },
                  "ref": null,
                  "rendered": Array [
                    "by ",
                    Object {
                      "instance": null,
                      "key": undefined,
                      "nodeType": "host",
                      "props": Object {
                        "children": "skilled",
                        "className": "title",
                      },
                      "ref": null,
                      "rendered": "skilled",
                      "type": "span",
                    },
                    "  ",
                  ],
                  "type": "span",
                },
                Object {
                  "instance": null,
                  "key": undefined,
                  "nodeType": "host",
                  "props": Object {
                    "children": undefined,
                    "className": "info",
                  },
                  "ref": null,
                  "rendered": null,
                  "type": "span",
                },
                Object {
                  "instance": null,
                  "key": undefined,
                  "nodeType": "host",
                  "props": Object {
                    "children": Array [
                      "[ ",
                      <span
                        className="title"
                        data-objectid="18937464"
                        onClick={[MockFunction]}
                      >
                        hide
                      </span>,
                      " ]",
                    ],
                    "className": "info hidepost helper-spacing-left",
                  },
                  "ref": null,
                  "rendered": Array [
                    "[ ",
                    Object {
                      "instance": null,
                      "key": undefined,
                      "nodeType": "host",
                      "props": Object {
                        "children": "hide",
                        "className": "title",
                        "data-objectid": "18937464",
                        "onClick": [MockFunction],
                      },
                      "ref": null,
                      "rendered": "hide",
                      "type": "span",
                    },
                    " ]",
                  ],
                  "type": "span",
                },
              ],
              "type": "span",
            },
          ],
          "type": "div",
        },
        Object {
          "instance": null,
          "key": "18937455",
          "nodeType": "host",
          "props": Object {
            "children": Array [
              <span
                className="firstClass"
              >
                <span
                  className="info comments"
                />
                <span
                  className="points"
                >
                  1
                </span>
                <span
                  className="info upvote"
                  data-objectid="18937455"
                  data-upvotecount={1}
                  onClick={[MockFunction]}
                >
                  ▲
                </span>
                <span
                  className="title"
                >
                  <a
                    aria-label="Iris Automation Is Hiring a Computer Vision Expert – AI for Drones"
                    href="http://www.irisonboard.com/careers/"
                  >
                    Iris Automation Is Hiring a Computer Vision Expert – AI for Drones
                  </a>
                   
                </span>
                <span>
                  (
                  <a
                    className="info"
                    href="http://www.irisonboard.com/careers/"
                  />
                  ) 
                </span>
              </span>,
              <span
                className="secondClass"
              >
                <span
                  className="info"
                >
                  by 
                  <span
                    className="title"
                  >
                    aharm
                  </span>
                    
                </span>
                <span
                  className="info"
                />
                <span
                  className="info hidepost helper-spacing-left"
                >
                  [ 
                  <span
                    className="title"
                    data-objectid="18937455"
                    onClick={[MockFunction]}
                  >
                    hide
                  </span>
                   ]
                </span>
              </span>,
            ],
            "className": "row oddRow",
          },
          "ref": null,
          "rendered": Array [
            Object {
              "instance": null,
              "key": undefined,
              "nodeType": "host",
              "props": Object {
                "children": Array [
                  <span
                    className="info comments"
                  />,
                  <span
                    className="points"
                  >
                    1
                  </span>,
                  <span
                    className="info upvote"
                    data-objectid="18937455"
                    data-upvotecount={1}
                    onClick={[MockFunction]}
                  >
                    ▲
                  </span>,
                  <span
                    className="title"
                  >
                    <a
                      aria-label="Iris Automation Is Hiring a Computer Vision Expert – AI for Drones"
                      href="http://www.irisonboard.com/careers/"
                    >
                      Iris Automation Is Hiring a Computer Vision Expert – AI for Drones
                    </a>
                     
                  </span>,
                  <span>
                    (
                    <a
                      className="info"
                      href="http://www.irisonboard.com/careers/"
                    />
                    ) 
                  </span>,
                ],
                "className": "firstClass",
              },
              "ref": null,
              "rendered": Array [
                Object {
                  "instance": null,
                  "key": undefined,
                  "nodeType": "host",
                  "props": Object {
                    "children": null,
                    "className": "info comments",
                  },
                  "ref": null,
                  "rendered": null,
                  "type": "span",
                },
                Object {
                  "instance": null,
                  "key": undefined,
                  "nodeType": "host",
                  "props": Object {
                    "children": 1,
                    "className": "points",
                  },
                  "ref": null,
                  "rendered": 1,
                  "type": "span",
                },
                Object {
                  "instance": null,
                  "key": undefined,
                  "nodeType": "host",
                  "props": Object {
                    "children": "▲",
                    "className": "info upvote",
                    "data-objectid": "18937455",
                    "data-upvotecount": 1,
                    "onClick": [MockFunction],
                  },
                  "ref": null,
                  "rendered": "▲",
                  "type": "span",
                },
                Object {
                  "instance": null,
                  "key": undefined,
                  "nodeType": "host",
                  "props": Object {
                    "children": Array [
                      <a
                        aria-label="Iris Automation Is Hiring a Computer Vision Expert – AI for Drones"
                        href="http://www.irisonboard.com/careers/"
                      >
                        Iris Automation Is Hiring a Computer Vision Expert – AI for Drones
                      </a>,
                      " ",
                    ],
                    "className": "title",
                  },
                  "ref": null,
                  "rendered": Array [
                    Object {
                      "instance": null,
                      "key": undefined,
                      "nodeType": "host",
                      "props": Object {
                        "aria-label": "Iris Automation Is Hiring a Computer Vision Expert – AI for Drones",
                        "children": "Iris Automation Is Hiring a Computer Vision Expert – AI for Drones",
                        "href": "http://www.irisonboard.com/careers/",
                      },
                      "ref": null,
                      "rendered": "Iris Automation Is Hiring a Computer Vision Expert – AI for Drones",
                      "type": "a",
                    },
                    " ",
                  ],
                  "type": "span",
                },
                Object {
                  "instance": null,
                  "key": undefined,
                  "nodeType": "host",
                  "props": Object {
                    "children": Array [
                      "(",
                      <a
                        className="info"
                        href="http://www.irisonboard.com/careers/"
                      />,
                      ") ",
                    ],
                  },
                  "ref": null,
                  "rendered": Array [
                    "(",
                    Object {
                      "instance": null,
                      "key": undefined,
                      "nodeType": "host",
                      "props": Object {
                        "children": undefined,
                        "className": "info",
                        "href": "http://www.irisonboard.com/careers/",
                      },
                      "ref": null,
                      "rendered": null,
                      "type": "a",
                    },
                    ") ",
                  ],
                  "type": "span",
                },
              ],
              "type": "span",
            },
            Object {
              "instance": null,
              "key": undefined,
              "nodeType": "host",
              "props": Object {
                "children": Array [
                  <span
                    className="info"
                  >
                    by 
                    <span
                      className="title"
                    >
                      aharm
                    </span>
                      
                  </span>,
                  <span
                    className="info"
                  />,
                  <span
                    className="info hidepost helper-spacing-left"
                  >
                    [ 
                    <span
                      className="title"
                      data-objectid="18937455"
                      onClick={[MockFunction]}
                    >
                      hide
                    </span>
                     ]
                  </span>,
                ],
                "className": "secondClass",
              },
              "ref": null,
              "rendered": Array [
                Object {
                  "instance": null,
                  "key": undefined,
                  "nodeType": "host",
                  "props": Object {
                    "children": Array [
                      "by ",
                      <span
                        className="title"
                      >
                        aharm
                      </span>,
                      "  ",
                    ],
                    "className": "info",
                  },
                  "ref": null,
                  "rendered": Array [
                    "by ",
                    Object {
                      "instance": null,
                      "key": undefined,
                      "nodeType": "host",
                      "props": Object {
                        "children": "aharm",
                        "className": "title",
                      },
                      "ref": null,
                      "rendered": "aharm",
                      "type": "span",
                    },
                    "  ",
                  ],
                  "type": "span",
                },
                Object {
                  "instance": null,
                  "key": undefined,
                  "nodeType": "host",
                  "props": Object {
                    "children": undefined,
                    "className": "info",
                  },
                  "ref": null,
                  "rendered": null,
                  "type": "span",
                },
                Object {
                  "instance": null,
                  "key": undefined,
                  "nodeType": "host",
                  "props": Object {
                    "children": Array [
                      "[ ",
                      <span
                        className="title"
                        data-objectid="18937455"
                        onClick={[MockFunction]}
                      >
                        hide
                      </span>,
                      " ]",
                    ],
                    "className": "info hidepost helper-spacing-left",
                  },
                  "ref": null,
                  "rendered": Array [
                    "[ ",
                    Object {
                      "instance": null,
                      "key": undefined,
                      "nodeType": "host",
                      "props": Object {
                        "children": "hide",
                        "className": "title",
                        "data-objectid": "18937455",
                        "onClick": [MockFunction],
                      },
                      "ref": null,
                      "rendered": "hide",
                      "type": "span",
                    },
                    " ]",
                  ],
                  "type": "span",
                },
              ],
              "type": "span",
            },
          ],
          "type": "div",
        },
        Object {
          "instance": null,
          "key": "18937278",
          "nodeType": "host",
          "props": Object {
            "children": Array [
              <span
                className="firstClass"
              >
                <span
                  className="info comments"
                >
                  2
                </span>
                <span
                  className="points"
                >
                  8
                </span>
                <span
                  className="info upvote"
                  data-objectid="18937278"
                  data-upvotecount={8}
                  onClick={[MockFunction]}
                >
                  ▲
                </span>
                <span
                  className="title"
                >
                  <a
                    aria-label="GitHub dashboard UI refresh"
                    href="https://github.blog/2019-01-16-dashboard-ui-refresh/"
                  >
                    GitHub dashboard UI refresh
                  </a>
                   
                </span>
                <span>
                  (
                  <a
                    className="info"
                    href="https://github.blog/2019-01-16-dashboard-ui-refresh/"
                  />
                  ) 
                </span>
              </span>,
              <span
                className="secondClass"
              >
                <span
                  className="info"
                >
                  by 
                  <span
                    className="title"
                  >
                    rococode
                  </span>
                    
                </span>
                <span
                  className="info"
                />
                <span
                  className="info hidepost helper-spacing-left"
                >
                  [ 
                  <span
                    className="title"
                    data-objectid="18937278"
                    onClick={[MockFunction]}
                  >
                    hide
                  </span>
                   ]
                </span>
              </span>,
            ],
            "className": "row evenRow",
          },
          "ref": null,
          "rendered": Array [
            Object {
              "instance": null,
              "key": undefined,
              "nodeType": "host",
              "props": Object {
                "children": Array [
                  <span
                    className="info comments"
                  >
                    2
                  </span>,
                  <span
                    className="points"
                  >
                    8
                  </span>,
                  <span
                    className="info upvote"
                    data-objectid="18937278"
                    data-upvotecount={8}
                    onClick={[MockFunction]}
                  >
                    ▲
                  </span>,
                  <span
                    className="title"
                  >
                    <a
                      aria-label="GitHub dashboard UI refresh"
                      href="https://github.blog/2019-01-16-dashboard-ui-refresh/"
                    >
                      GitHub dashboard UI refresh
                    </a>
                     
                  </span>,
                  <span>
                    (
                    <a
                      className="info"
                      href="https://github.blog/2019-01-16-dashboard-ui-refresh/"
                    />
                    ) 
                  </span>,
                ],
                "className": "firstClass",
              },
              "ref": null,
              "rendered": Array [
                Object {
                  "instance": null,
                  "key": undefined,
                  "nodeType": "host",
                  "props": Object {
                    "children": 2,
                    "className": "info comments",
                  },
                  "ref": null,
                  "rendered": 2,
                  "type": "span",
                },
                Object {
                  "instance": null,
                  "key": undefined,
                  "nodeType": "host",
                  "props": Object {
                    "children": 8,
                    "className": "points",
                  },
                  "ref": null,
                  "rendered": 8,
                  "type": "span",
                },
                Object {
                  "instance": null,
                  "key": undefined,
                  "nodeType": "host",
                  "props": Object {
                    "children": "▲",
                    "className": "info upvote",
                    "data-objectid": "18937278",
                    "data-upvotecount": 8,
                    "onClick": [MockFunction],
                  },
                  "ref": null,
                  "rendered": "▲",
                  "type": "span",
                },
                Object {
                  "instance": null,
                  "key": undefined,
                  "nodeType": "host",
                  "props": Object {
                    "children": Array [
                      <a
                        aria-label="GitHub dashboard UI refresh"
                        href="https://github.blog/2019-01-16-dashboard-ui-refresh/"
                      >
                        GitHub dashboard UI refresh
                      </a>,
                      " ",
                    ],
                    "className": "title",
                  },
                  "ref": null,
                  "rendered": Array [
                    Object {
                      "instance": null,
                      "key": undefined,
                      "nodeType": "host",
                      "props": Object {
                        "aria-label": "GitHub dashboard UI refresh",
                        "children": "GitHub dashboard UI refresh",
                        "href": "https://github.blog/2019-01-16-dashboard-ui-refresh/",
                      },
                      "ref": null,
                      "rendered": "GitHub dashboard UI refresh",
                      "type": "a",
                    },
                    " ",
                  ],
                  "type": "span",
                },
                Object {
                  "instance": null,
                  "key": undefined,
                  "nodeType": "host",
                  "props": Object {
                    "children": Array [
                      "(",
                      <a
                        className="info"
                        href="https://github.blog/2019-01-16-dashboard-ui-refresh/"
                      />,
                      ") ",
                    ],
                  },
                  "ref": null,
                  "rendered": Array [
                    "(",
                    Object {
                      "instance": null,
                      "key": undefined,
                      "nodeType": "host",
                      "props": Object {
                        "children": undefined,
                        "className": "info",
                        "href": "https://github.blog/2019-01-16-dashboard-ui-refresh/",
                      },
                      "ref": null,
                      "rendered": null,
                      "type": "a",
                    },
                    ") ",
                  ],
                  "type": "span",
                },
              ],
              "type": "span",
            },
            Object {
              "instance": null,
              "key": undefined,
              "nodeType": "host",
              "props": Object {
                "children": Array [
                  <span
                    className="info"
                  >
                    by 
                    <span
                      className="title"
                    >
                      rococode
                    </span>
                      
                  </span>,
                  <span
                    className="info"
                  />,
                  <span
                    className="info hidepost helper-spacing-left"
                  >
                    [ 
                    <span
                      className="title"
                      data-objectid="18937278"
                      onClick={[MockFunction]}
                    >
                      hide
                    </span>
                     ]
                  </span>,
                ],
                "className": "secondClass",
              },
              "ref": null,
              "rendered": Array [
                Object {
                  "instance": null,
                  "key": undefined,
                  "nodeType": "host",
                  "props": Object {
                    "children": Array [
                      "by ",
                      <span
                        className="title"
                      >
                        rococode
                      </span>,
                      "  ",
                    ],
                    "className": "info",
                  },
                  "ref": null,
                  "rendered": Array [
                    "by ",
                    Object {
                      "instance": null,
                      "key": undefined,
                      "nodeType": "host",
                      "props": Object {
                        "children": "rococode",
                        "className": "title",
                      },
                      "ref": null,
                      "rendered": "rococode",
                      "type": "span",
                    },
                    "  ",
                  ],
                  "type": "span",
                },
                Object {
                  "instance": null,
                  "key": undefined,
                  "nodeType": "host",
                  "props": Object {
                    "children": undefined,
                    "className": "info",
                  },
                  "ref": null,
                  "rendered": null,
                  "type": "span",
                },
                Object {
                  "instance": null,
                  "key": undefined,
                  "nodeType": "host",
                  "props": Object {
                    "children": Array [
                      "[ ",
                      <span
                        className="title"
                        data-objectid="18937278"
                        onClick={[MockFunction]}
                      >
                        hide
                      </span>,
                      " ]",
                    ],
                    "className": "info hidepost helper-spacing-left",
                  },
                  "ref": null,
                  "rendered": Array [
                    "[ ",
                    Object {
                      "instance": null,
                      "key": undefined,
                      "nodeType": "host",
                      "props": Object {
                        "children": "hide",
                        "className": "title",
                        "data-objectid": "18937278",
                        "onClick": [MockFunction],
                      },
                      "ref": null,
                      "rendered": "hide",
                      "type": "span",
                    },
                    " ]",
                  ],
                  "type": "span",
                },
              ],
              "type": "span",
            },
          ],
          "type": "div",
        },
      ],
      "type": "div",
    },
  ],
  Symbol(enzyme.__options__): Object {
    "adapter": ReactSixteenAdapter {
      "options": Object {
        "enableComponentDidUpdateOnSetState": true,
        "lifecycles": Object {
          "componentDidUpdate": Object {
            "onSetState": true,
          },
          "getDerivedStateFromProps": true,
          "getSnapshotBeforeUpdate": true,
          "setState": Object {
            "skipsComponentDidUpdateOnNullish": true,
          },
        },
      },
    },
  },
}
`;
